event_ev001.tjs
event_ev002a.tjs
event_ev002b.tjs
event_ev004.tjs
event_ev005.tjs
event_ev006.tjs
event_ev007.tjs
event_ev008.tjs
event_ev009.tjs
event_ev010.tjs
event_ev011.tjs
event_ev012.tjs
event_ev013.tjs
event_ev105.tjs
event_ev014a.tjs
event_ev014b.tjs
event_ev014c.tjs
event_ev014d.tjs
event_ev014e.tjs
event_ev101.tjs
fg_nazusa_0_0.tjs
fg_nazusa_0_0_0.tlg,
fg_nazusa_0_0_1.tlg,
fg_nazusa_0_0_2.tlg,
fg_nazusa_0_0_3.tlg,
fg_nazusa_0_0_4.tlg,
fg_nazusa_0_0_5.tlg,
fg_nazusa_0_0_6.tlg,
fg_nazusa_0_0_7.tlg,
fg_nazusa_0_0_8.tlg,
fg_nazusa_0_0_9.tlg,
fg_nazusa_0_0_10.tlg,
fg_nazusa_0_0_11.tlg,
fg_nazusa_0_0_12.tlg,
fg_nazusa_0_0_13.tlg,
fg_nazusa_0_0_14.tlg,
fg_nazusa_0_0_15.tlg,
fg_nazusa_0_0_16.tlg,
fg_nazusa_0_0_17.tlg,
fg_nazusa_0_0_18.tlg,
fg_nazusa_0_0_19.tlg,
fg_nazusa_0_0_20.tlg,
fg_nazusa_0_0_21.tlg,
fg_nazusa_0_0_22.tlg,
fg_nazusa_0_0_23.tlg,
fg_nazusa_0_0_24.tlg,
fg_nazusa_0_0_25.tlg,
fg_nazusa_0_0_26.tlg,
fg_nazusa_0_0_27.tlg,
fg_nazusa_0_0_28.tlg,
fg_nazusa_0_0_29.tlg,
fg_nazusa_0_0_30.tlg,
fg_nazusa_0_0_31.tlg,
fg_nazusa_0_0_32.tlg,
fg_nazusa_0_0_33.tlg,
fg_nazusa_0_0_34.tlg,
fg_nazusa_0_0_35.tlg,
fg_nazusa_0_0_36.tlg,
fg_nazusa_0_0_37.tlg,
fg_nazusa_0_0_38.tlg,
fg_nazusa_0_0_39.tlg,
fg_nazusa_0_0_40.tlg,
fg_nazusa_0_0_41.tlg,
fg_nazusa_0_1.tjs
fg_nazusa_0_1_0.tlg,
fg_nazusa_0_1_1.tlg,
fg_nazusa_0_1_2.tlg,
fg_nazusa_0_1_3.tlg,
fg_nazusa_0_1_4.tlg,
fg_nazusa_0_1_5.tlg,
fg_nazusa_0_1_6.tlg,
fg_nazusa_0_1_7.tlg,
fg_nazusa_0_1_8.tlg,
fg_nazusa_0_1_9.tlg,
fg_nazusa_0_1_10.tlg,
fg_nazusa_0_1_11.tlg,
fg_nazusa_0_1_12.tlg,
fg_nazusa_0_1_13.tlg,
fg_nazusa_0_1_14.tlg,
fg_nazusa_0_1_15.tlg,
fg_nazusa_0_1_16.tlg,
fg_nazusa_0_1_17.tlg,
fg_nazusa_0_1_18.tlg,
fg_nazusa_0_1_19.tlg,
fg_nazusa_0_1_20.tlg,
fg_nazusa_0_1_21.tlg,
fg_nazusa_0_1_22.tlg,
fg_nazusa_0_1_23.tlg,
fg_nazusa_0_1_24.tlg,
fg_nazusa_0_1_25.tlg,
fg_nazusa_0_1_26.tlg,
fg_nazusa_0_1_27.tlg,
fg_nazusa_0_1_28.tlg,
fg_nazusa_0_1_29.tlg,
fg_nazusa_0_1_30.tlg,
fg_nazusa_0_1_31.tlg,
fg_nazusa_0_1_32.tlg,
fg_nazusa_0_1_33.tlg,
fg_nazusa_0_1_34.tlg,
fg_nazusa_0_1_35.tlg,
fg_nazusa_0_1_36.tlg,
fg_nazusa_0_1_37.tlg,
fg_nazusa_0_1_38.tlg,
fg_nazusa_0_1_39.tlg,
fg_nazusa_0_1_40.tlg,
fg_nazusa_0_1_41.tlg,
fg_nazusa_0_2.tjs
fg_nazusa_0_2_0.tlg,
fg_nazusa_0_2_1.tlg,
fg_nazusa_0_2_2.tlg,
fg_nazusa_0_2_3.tlg,
fg_nazusa_0_2_4.tlg,
fg_nazusa_0_2_5.tlg,
fg_nazusa_0_2_6.tlg,
fg_nazusa_0_2_7.tlg,
fg_nazusa_0_2_8.tlg,
fg_nazusa_0_2_9.tlg,
fg_nazusa_0_2_10.tlg,
fg_nazusa_0_2_11.tlg,
fg_nazusa_0_2_12.tlg,
fg_nazusa_0_2_13.tlg,
fg_nazusa_0_2_14.tlg,
fg_nazusa_0_2_15.tlg,
fg_nazusa_0_2_16.tlg,
fg_nazusa_0_2_17.tlg,
fg_nazusa_0_2_18.tlg,
fg_nazusa_0_2_19.tlg,
fg_nazusa_0_2_20.tlg,
fg_nazusa_0_2_21.tlg,
fg_nazusa_0_2_22.tlg,
fg_nazusa_0_2_23.tlg,
fg_nazusa_0_2_24.tlg,
fg_nazusa_0_2_25.tlg,
fg_nazusa_0_2_26.tlg,
fg_nazusa_0_2_27.tlg,
fg_nazusa_0_2_28.tlg,
fg_nazusa_0_2_29.tlg,
fg_nazusa_0_2_30.tlg,
fg_nazusa_0_2_31.tlg,
fg_nazusa_0_2_32.tlg,
fg_nazusa_0_2_33.tlg,
fg_nazusa_0_2_34.tlg,
fg_nazusa_0_2_35.tlg,
fg_nazusa_0_2_36.tlg,
fg_nazusa_0_2_37.tlg,
fg_nazusa_0_2_38.tlg,
fg_nazusa_0_2_39.tlg,
fg_nazusa_0_2_40.tlg,
fg_nazusa_0_2_41.tlg,
fg_nazusa_0_3.tjs
fg_nazusa_0_3_0.tlg,
fg_nazusa_0_3_1.tlg,
fg_nazusa_0_3_2.tlg,
fg_nazusa_0_3_3.tlg,
fg_nazusa_0_3_4.tlg,
fg_nazusa_0_3_5.tlg,
fg_nazusa_0_3_6.tlg,
fg_nazusa_0_3_7.tlg,
fg_nazusa_0_3_8.tlg,
fg_nazusa_0_3_9.tlg,
fg_nazusa_0_3_10.tlg,
fg_nazusa_0_3_11.tlg,
fg_nazusa_0_3_12.tlg,
fg_nazusa_0_3_13.tlg,
fg_nazusa_0_3_14.tlg,
fg_nazusa_0_3_15.tlg,
fg_nazusa_0_3_16.tlg,
fg_nazusa_0_3_17.tlg,
fg_nazusa_0_3_18.tlg,
fg_nazusa_0_3_19.tlg,
fg_nazusa_0_3_20.tlg,
fg_nazusa_0_3_21.tlg,
fg_nazusa_0_3_22.tlg,
fg_nazusa_0_3_23.tlg,
fg_nazusa_0_3_24.tlg,
fg_nazusa_0_3_25.tlg,
fg_nazusa_0_3_26.tlg,
fg_nazusa_0_3_27.tlg,
fg_nazusa_0_3_28.tlg,
fg_nazusa_0_3_29.tlg,
fg_nazusa_0_3_30.tlg,
fg_nazusa_0_3_31.tlg,
fg_nazusa_0_3_32.tlg,
fg_nazusa_0_3_33.tlg,
fg_nazusa_0_3_34.tlg,
fg_nazusa_0_3_35.tlg,
fg_nazusa_0_3_36.tlg,
fg_nazusa_0_3_37.tlg,
fg_nazusa_0_3_38.tlg,
fg_nazusa_0_3_39.tlg,
fg_nazusa_0_3_40.tlg,
fg_nazusa_0_3_41.tlg,
fg_nazusa_0_4.tjs
fg_nazusa_0_4_0.tlg,
fg_nazusa_0_4_1.tlg,
fg_nazusa_0_4_2.tlg,
fg_nazusa_0_4_3.tlg,
fg_nazusa_0_4_4.tlg,
fg_nazusa_0_4_5.tlg,
fg_nazusa_0_4_6.tlg,
fg_nazusa_0_4_7.tlg,
fg_nazusa_0_4_8.tlg,
fg_nazusa_0_4_9.tlg,
fg_nazusa_0_4_10.tlg,
fg_nazusa_0_4_11.tlg,
fg_nazusa_0_4_12.tlg,
fg_nazusa_0_4_13.tlg,
fg_nazusa_0_4_14.tlg,
fg_nazusa_0_4_15.tlg,
fg_nazusa_0_4_16.tlg,
fg_nazusa_0_4_17.tlg,
fg_nazusa_0_4_18.tlg,
fg_nazusa_0_4_19.tlg,
fg_nazusa_0_4_20.tlg,
fg_nazusa_0_4_21.tlg,
fg_nazusa_0_4_22.tlg,
fg_nazusa_0_4_23.tlg,
fg_nazusa_0_4_24.tlg,
fg_nazusa_0_4_25.tlg,
fg_nazusa_0_4_26.tlg,
fg_nazusa_0_4_27.tlg,
fg_nazusa_0_4_28.tlg,
fg_nazusa_0_4_29.tlg,
fg_nazusa_0_4_30.tlg,
fg_nazusa_0_4_31.tlg,
fg_nazusa_0_4_32.tlg,
fg_nazusa_0_4_33.tlg,
fg_nazusa_0_4_34.tlg,
fg_nazusa_0_4_35.tlg,
fg_nazusa_0_4_36.tlg,
fg_nazusa_0_4_37.tlg,
fg_nazusa_0_4_38.tlg,
fg_nazusa_0_4_39.tlg,
fg_nazusa_0_4_40.tlg,
fg_nazusa_0_4_41.tlg,
fg_nazusa_0_5.tjs
fg_nazusa_0_5_0.tlg,
fg_nazusa_0_5_1.tlg,
fg_nazusa_0_5_2.tlg,
fg_nazusa_0_5_3.tlg,
fg_nazusa_0_5_4.tlg,
fg_nazusa_0_5_5.tlg,
fg_nazusa_0_5_6.tlg,
fg_nazusa_0_5_7.tlg,
fg_nazusa_0_5_8.tlg,
fg_nazusa_0_5_9.tlg,
fg_nazusa_0_5_10.tlg,
fg_nazusa_0_5_11.tlg,
fg_nazusa_0_5_12.tlg,
fg_nazusa_0_5_13.tlg,
fg_nazusa_0_5_14.tlg,
fg_nazusa_0_5_15.tlg,
fg_nazusa_0_5_16.tlg,
fg_nazusa_0_5_17.tlg,
fg_nazusa_0_5_18.tlg,
fg_nazusa_0_5_19.tlg,
fg_nazusa_0_5_20.tlg,
fg_nazusa_0_5_21.tlg,
fg_nazusa_0_5_22.tlg,
fg_nazusa_0_5_23.tlg,
fg_nazusa_0_5_24.tlg,
fg_nazusa_0_5_25.tlg,
fg_nazusa_0_5_26.tlg,
fg_nazusa_0_5_27.tlg,
fg_nazusa_0_5_28.tlg,
fg_nazusa_0_5_29.tlg,
fg_nazusa_0_5_30.tlg,
fg_nazusa_0_5_31.tlg,
fg_nazusa_0_5_32.tlg,
fg_nazusa_0_5_33.tlg,
fg_nazusa_0_5_34.tlg,
fg_nazusa_0_5_35.tlg,
fg_nazusa_0_5_36.tlg,
fg_nazusa_0_5_37.tlg,
fg_nazusa_0_5_38.tlg,
fg_nazusa_0_5_39.tlg,
fg_nazusa_0_5_40.tlg,
fg_nazusa_0_5_41.tlg,
fg_nazusa_0_6.tjs
fg_nazusa_0_6_0.tlg,
fg_nazusa_0_6_1.tlg,
fg_nazusa_0_6_2.tlg,
fg_nazusa_0_6_3.tlg,
fg_nazusa_0_6_4.tlg,
fg_nazusa_0_6_5.tlg,
fg_nazusa_0_6_6.tlg,
fg_nazusa_0_6_7.tlg,
fg_nazusa_0_6_8.tlg,
fg_nazusa_0_6_9.tlg,
fg_nazusa_0_6_10.tlg,
fg_nazusa_0_6_11.tlg,
fg_nazusa_0_6_12.tlg,
fg_nazusa_0_6_13.tlg,
fg_nazusa_0_6_14.tlg,
fg_nazusa_0_6_15.tlg,
fg_nazusa_0_6_16.tlg,
fg_nazusa_0_6_17.tlg,
fg_nazusa_0_6_18.tlg,
fg_nazusa_0_6_19.tlg,
fg_nazusa_0_6_20.tlg,
fg_nazusa_0_6_21.tlg,
fg_nazusa_0_6_22.tlg,
fg_nazusa_0_6_23.tlg,
fg_nazusa_0_6_24.tlg,
fg_nazusa_0_6_25.tlg,
fg_nazusa_0_6_26.tlg,
fg_nazusa_0_6_27.tlg,
fg_nazusa_0_6_28.tlg,
fg_nazusa_0_6_29.tlg,
fg_nazusa_0_6_30.tlg,
fg_nazusa_0_6_31.tlg,
fg_nazusa_0_6_32.tlg,
fg_nazusa_0_6_33.tlg,
fg_nazusa_0_6_34.tlg,
fg_nazusa_0_6_35.tlg,
fg_nazusa_0_6_36.tlg,
fg_nazusa_0_6_37.tlg,
fg_nazusa_0_6_38.tlg,
fg_nazusa_0_6_39.tlg,
fg_nazusa_0_6_40.tlg,
fg_nazusa_0_6_41.tlg,
fg_nazusa_0_7.tjs
fg_nazusa_0_7_0.tlg,
fg_nazusa_0_7_1.tlg,
fg_nazusa_0_7_2.tlg,
fg_nazusa_0_7_3.tlg,
fg_nazusa_0_7_4.tlg,
fg_nazusa_0_7_5.tlg,
fg_nazusa_0_7_6.tlg,
fg_nazusa_0_7_7.tlg,
fg_nazusa_0_7_8.tlg,
fg_nazusa_0_7_9.tlg,
fg_nazusa_0_7_10.tlg,
fg_nazusa_0_7_11.tlg,
fg_nazusa_0_7_12.tlg,
fg_nazusa_0_7_13.tlg,
fg_nazusa_0_7_14.tlg,
fg_nazusa_0_7_15.tlg,
fg_nazusa_0_7_16.tlg,
fg_nazusa_0_7_17.tlg,
fg_nazusa_0_7_18.tlg,
fg_nazusa_0_7_19.tlg,
fg_nazusa_0_7_20.tlg,
fg_nazusa_0_7_21.tlg,
fg_nazusa_0_7_22.tlg,
fg_nazusa_0_7_23.tlg,
fg_nazusa_0_7_24.tlg,
fg_nazusa_0_7_25.tlg,
fg_nazusa_0_7_26.tlg,
fg_nazusa_0_7_27.tlg,
fg_nazusa_0_7_28.tlg,
fg_nazusa_0_7_29.tlg,
fg_nazusa_0_7_30.tlg,
fg_nazusa_0_7_31.tlg,
fg_nazusa_0_7_32.tlg,
fg_nazusa_0_7_33.tlg,
fg_nazusa_0_7_34.tlg,
fg_nazusa_0_7_35.tlg,
fg_nazusa_0_7_36.tlg,
fg_nazusa_0_7_37.tlg,
fg_nazusa_0_7_38.tlg,
fg_nazusa_0_7_39.tlg,
fg_nazusa_0_7_40.tlg,
fg_nazusa_0_7_41.tlg,
fg_nazusa_0_8.tjs
fg_nazusa_0_8_0.tlg,
fg_nazusa_0_8_1.tlg,
fg_nazusa_0_8_2.tlg,
fg_nazusa_0_8_3.tlg,
fg_nazusa_0_8_4.tlg,
fg_nazusa_0_8_5.tlg,
fg_nazusa_0_8_6.tlg,
fg_nazusa_0_8_7.tlg,
fg_nazusa_0_8_8.tlg,
fg_nazusa_0_8_9.tlg,
fg_nazusa_0_8_10.tlg,
fg_nazusa_0_8_11.tlg,
fg_nazusa_0_8_12.tlg,
fg_nazusa_0_8_13.tlg,
fg_nazusa_0_8_14.tlg,
fg_nazusa_0_8_15.tlg,
fg_nazusa_0_8_16.tlg,
fg_nazusa_0_8_17.tlg,
fg_nazusa_0_8_18.tlg,
fg_nazusa_0_8_19.tlg,
fg_nazusa_0_8_20.tlg,
fg_nazusa_0_8_21.tlg,
fg_nazusa_0_8_22.tlg,
fg_nazusa_0_8_23.tlg,
fg_nazusa_0_8_24.tlg,
fg_nazusa_0_8_25.tlg,
fg_nazusa_0_8_26.tlg,
fg_nazusa_0_8_27.tlg,
fg_nazusa_0_8_28.tlg,
fg_nazusa_0_8_29.tlg,
fg_nazusa_0_8_30.tlg,
fg_nazusa_0_8_31.tlg,
fg_nazusa_0_8_32.tlg,
fg_nazusa_0_8_33.tlg,
fg_nazusa_0_8_34.tlg,
fg_nazusa_0_8_35.tlg,
fg_nazusa_0_8_36.tlg,
fg_nazusa_0_8_37.tlg,
fg_nazusa_0_8_38.tlg,
fg_nazusa_0_8_39.tlg,
fg_nazusa_0_8_40.tlg,
fg_nazusa_0_8_41.tlg,
