<?xml version="1.0" encoding="GB2312"?>

<游戏列表>

	<分类 名称="创意圈">
				<游戏 名称="兰岛物语-少女的约定[AP]" 文件="chn\ll.xml" 编码="-2" />
	</分类>

	<分类 名称="大宇资讯">
				<游戏 名称="霹雳奇侠传[AP]"   文件="chn\tsw.xml"    编码="950" />
				<游戏 名称="新仙剑奇侠传[AP]" 文件="chn\tsw.xml"    编码="950" />
				<游戏 名称="仙剑奇侠传2[AP]"  文件="chn\tsw.xml"    编码="950" />
				<游戏 名称="仙剑客栈[AP]"     文件="chn\palinn.xml"            />
				<游戏 名称="天使帝国3[AP]"    文件="chn\tsw.xml"    编码="950" />
				<游戏 名称="明星志愿3[AP]"    文件="chn\sstar3.xml" 编码="950" />
	</分类>

	<分类 名称="汉堂国际">
				<游戏 名称="天地劫-神魔至尊传[AP]"     文件="chn\swordman.xml"            />
				<游戏 名称="天地劫序章-幽城幻剑录[AP]" 文件="chn\tdg.xml"      编码="950" />
				<游戏 名称="天地劫外章-寰神结[AP]"     文件="chn\tdg.xml"                 />
				<游戏 名称="阿玛迪斯战记[AP]"          文件="chn\lob.xml"                 />
	</分类>

	<分类 名称="弘煜科技">
				<游戏 名称="风色幻想4-圣战的终焉[AP]" 文件="chn\wf456.xml" 编码="950" />
				<游戏 名称="风色幻想5-赤月战争[AP]"   文件="chn\wf456.xml" 编码="950" />
				<游戏 名称="风色幻想6-冒险奏鸣[AP]"   文件="chn\wf456.xml" 编码="950" />
	</分类>

	<分类 名称="斯普软件">
				<游戏 名称="青蛇之法海恩仇录[AP]" 文件="chn\snake.xml" />
	</分类>

	<分类 名称="新瑞狮多媒体">
				<游戏 名称="天河传说[AP]"         文件="chn\skyriver.xml" />
				<游戏 名称="反三国志[AP]"         文件="chn\fsgz.xml"     />
				<游戏 名称="霸王别姬[AP]"         文件="chn\bw.xml"       />
				<游戏 名称="吕布与貂蝉[AP]"       文件="chn\lvbu.xml"     />
				<游戏 名称="西藏镇魔曲[AP]"       文件="chn\tibet.xml"    />
				<游戏 名称="敦煌-大漠传奇[AP]"    文件="chn\dh.xml"       />
				<游戏 名称="卧虎藏龙之青冥剑[AP]" 文件="chn\cthd.xml"     />
	</分类>

	<分类 名称="伊思丽超媒体">
				<游戏 名称="新金瓶梅[AP]" 文件="chn\xjpm.xml" 编码="950" />
	</分类>

	<分类 名称="宇峻科技">
				<游戏 名称="幻想三国志1[AP]"    文件="chn\fsan1.xml"             />
				<游戏 名称="幻想三国志2[AP]"    文件="chn\fsan2.xml"             />
				<游戏 名称="幻想三国志3[AP]"    文件="chn\fsan34.xml" 编码="950" />
				<游戏 名称="幻想三国志4[AP]"    文件="chn\fsan34.xml" 编码="950" />
				<游戏 名称="新绝代双娇2[AP]"    文件="chn\tth2.xml"              />
				<游戏 名称="新绝代双娇3[AP]"    文件="chn\tth3.xml"              />
				<游戏 名称="新绝代双娇前传[AP]" 文件="chn\tthz.xml"              />
				<游戏 名称="楚留香新传[AP]"     文件="chn\crh.xml"               />
	</分类>

	<分类 名称="智傲网路">
				<游戏 名称="三国群雄传之卧龙与凤雏[AP]" 文件="chn\dnp.xml" />
	</分类>

</游戏列表>
